Improv,13.3.2009
Student Festival,13.3.2009
New Year's Eve,30.12.2020
annual Rock & Metal party,21.4.2021
