Event5,5.1.1998
Event1,1.1.2000
Event2,2.1.2000
Event3,3.1.2000
Event4,4.1.2000
Event6,6.1.2003
